C51 COMPILER V9.60.0.0   CH138                                                             04/08/2026 15:27:44 PAGE 1   


C51 COMPILER V9.60.0.0, COMPILATION OF MODULE CH138
OBJECT MODULE PLACED IN .\Objects\ch138.obj
COMPILER INVOKED BY: D:\Keil_v5\C51\BIN\C51.EXE ch138.c OPTIMIZE(8,SPEED) BROWSE DEBUG OBJECTEXTEND PRINT(.\Listings\ch1
                    -38.lst) TABS(2) OBJECT(.\Objects\ch138.obj)

line level    source

   1          #include "ch138.h"
   2          
   3          void W_CH138(unsigned char addr,unsigned char dat){
   4   1          unsigned char temp;
   5   1          
   6   1          P0=dat;
   7   1      
   8   1          temp=P2&0x1f;
   9   1          temp=temp|addr;
  10   1          P2=temp;
  11   1          temp=P2&0x1f;
  12   1          P2=temp;
  13   1      }


MODULE INFORMATION:   STATIC OVERLAYABLE
   CODE SIZE        =     19    ----
   CONSTANT SIZE    =   ----    ----
   XDATA SIZE       =   ----    ----
   PDATA SIZE       =   ----    ----
   DATA SIZE        =   ----    ----
   IDATA SIZE       =   ----    ----
   BIT SIZE         =   ----    ----
END OF MODULE INFORMATION.


C51 COMPILATION COMPLETE.  0 WARNING(S),  0 ERROR(S)
