C51 COMPILER V9.60.0.0   MAIN                                                              03/29/2026 17:15:14 PAGE 1   


C51 COMPILER V9.60.0.0, COMPILATION OF MODULE MAIN
OBJECT MODULE PLACED IN .\Objects\main.obj
COMPILER INVOKED BY: D:\Keil_v5\C51\BIN\C51.EXE main.c OPTIMIZE(8,SPEED) BROWSE DEBUG OBJECTEXTEND PRINT(.\Listings\main
                    -.lst) TABS(2) OBJECT(.\Objects\main.obj)

line level    source

   1          #include <STC15F2K60S2.H>
   2          #include "init.h"
   3          #include "key.h"
   4          #include "led.h"
   5          #include "seg.h"
   6          #include "iic.h"
   7          #include "onewire.h"
   8          #include "ds1302.h"
   9          #include "ultrawave.h"
  10          #include "math.h"
  11          
  12          unsigned char KD,KU,KV,KO;
  13          unsigned char KeySlow;
  14          idata unsigned int SegSlow;
  15          
  16          long int Freq;
  17          unsigned int Timer_1000Ms;
  18          
  19          float OutPut;
  20          
  21          bit Set_Flag;
  22          bit Echo_Flag;
  23          bit Led_Flag;
  24          
  25          unsigned char Timer_200Ms;
  26          
  27          int code Step_Arr[2] = {1000,100};
  28          int code Max_Arr[2] = {9000,900};
  29          int code Min_Arr[2] = {1000,-900};
  30          unsigned char Max_Time[3];
  31          long int Freq_Max;
  32          
  33          int Set_Arr[2] = {2000,0};
  34          
  35          idata unsigned char Seg_Buf[8]={16,16,16,16,16,16,16,16};
  36          idata unsigned char Seg_Pos;
  37          idata unsigned char ucLed[8]={0,0,0,0,0,0,0,0};
  38          idata unsigned char ucRtc[3]={13,03,05};
  39          
  40          unsigned char Seg_Disp_Mode;
  41          
  42          void Key_Proc(){
  43   1          if(KeySlow<10) return;
  44   1          KeySlow=0;
  45   1      
  46   1          KV=Key_Read();
  47   1          KD=KV&(KO^KV);
  48   1          KU=~KV&(KO^KV);
  49   1          KO=KV;
  50   1      
  51   1          /* 在这里写按键逻辑 */
  52   1          switch(KD)
  53   1          {
  54   2              case 4:
C51 COMPILER V9.60.0.0   MAIN                                                              03/29/2026 17:15:14 PAGE 2   

  55   2                 if(++Seg_Disp_Mode == 4)
  56   2                 {
  57   3                  Echo_Flag = Set_Flag =Seg_Disp_Mode = 0;
  58   3                 }
  59   2              break;
  60   2              case 5:
  61   2                  if(Seg_Disp_Mode == 1)
  62   2                  Set_Flag ^= 1;
  63   2                  else if(Seg_Disp_Mode == 3)
  64   2                  Echo_Flag ^= 1;
  65   2              break;
  66   2              case 8:
  67   2                  if(Seg_Disp_Mode == 1)
  68   2                  {
  69   3                      Set_Arr[Set_Flag] += Step_Arr[Set_Flag];
  70   3                      if(Set_Arr[Set_Flag] >= Max_Arr[Set_Flag])
  71   3                      {
  72   4                          Set_Arr[Set_Flag] = Max_Arr[Set_Flag];
  73   4                      }
  74   3                  }
  75   2              break;
  76   2              case 9:
  77   2                  if(Seg_Disp_Mode == 1)
  78   2                  {
  79   3                      Set_Arr[Set_Flag] -= Step_Arr[Set_Flag];
  80   3                      if(Set_Arr[Set_Flag] <= Min_Arr[Set_Flag])
  81   3                      {
  82   4                          Set_Arr[Set_Flag] = Min_Arr[Set_Flag];
  83   4                      }
  84   3                  }
  85   2              break;
  86   2          }
  87   1      }
  88          
  89          void Seg_Proc(){
  90   1          unsigned char i = 3;
  91   1          unsigned char j = 0;
  92   1          if(SegSlow<80) return;
  93   1          SegSlow=0;
  94   1      
  95   1          Read_Rtc(ucRtc);
  96   1      
  97   1          /* 在这里写数码管缓冲区赋值逻辑 */
  98   1          /*
  99   1          Seg_Buf[0]=16;
 100   1          Seg_Buf[1]=16;
 101   1          Seg_Buf[2]=16;
 102   1          Seg_Buf[3]=16;
 103   1          Seg_Buf[4]=16;
 104   1          Seg_Buf[5]=16;
 105   1          Seg_Buf[6]=16;
 106   1          Seg_Buf[7]=16;
 107   1          */
 108   1         if(Freq_Max < Freq)
 109   1         {
 110   2              Freq_Max = Freq;
 111   2              for(j = 0;j < 3;j ++) //记录最大值时间
 112   2              {
 113   3                  Max_Time[j] = ucRtc[j];
 114   3              }
 115   2         }
 116   1         switch(Seg_Disp_Mode)
C51 COMPILER V9.60.0.0   MAIN                                                              03/29/2026 17:15:14 PAGE 3   

 117   1         {
 118   2          case 0: //频率界面
 119   2              Seg_Buf[0] = 15;
 120   2              Seg_Buf[1] = Seg_Buf[2] = 16;
 121   2          if(Freq >= 0)
 122   2          {
 123   3              Seg_Buf[3] = Freq / 10000 % 10;
 124   3              Seg_Buf[4] = Freq / 1000 % 10;
 125   3              Seg_Buf[5] = Freq / 100 % 10;
 126   3              Seg_Buf[6] = Freq / 10 % 10;
 127   3              Seg_Buf[7] = Freq % 10;
 128   3              while(Seg_Buf[i] == 0)
 129   3              {
 130   4                  Seg_Buf[i] = 16;
 131   4                  if(i++ == 7) break;
 132   4              } 
 133   3          }
 134   2          else
 135   2          {
 136   3              for(j = 0;j < 3;j ++)
 137   3              {
 138   4                  Seg_Buf[3+j] = 16;
 139   4                  Seg_Buf[6] = Seg_Buf[7] = 20;
 140   4              }
 141   3          }
 142   2          break;
 143   2          case 1: //参数界面
 144   2              Seg_Buf[0] = 18;
 145   2              Seg_Buf[1] = (unsigned char)Set_Flag + 1;
 146   2              Seg_Buf[2] = Seg_Buf[3] = 16;
 147   2              Seg_Buf[4] = Set_Flag?(16 + (Set_Arr[Set_Flag] < 0)):abs(Set_Arr[Set_Flag]) / 1000 % 10;
 148   2              Seg_Buf[5] = abs(Set_Arr[Set_Flag]) / 100 % 10;
 149   2              Seg_Buf[6] = abs(Set_Arr[Set_Flag]) / 10 % 10;
 150   2              Seg_Buf[7] = abs(Set_Arr[Set_Flag]) % 10;
 151   2              if(Set_Arr[Set_Flag] == 0)
 152   2              {
 153   3                  Seg_Buf[5] = Seg_Buf[6] = 16;
 154   3              }
 155   2          break;
 156   2          case 2: //时间界面
 157   2              for(j = 0;j < 3;j ++)
 158   2              {
 159   3                  Seg_Buf[3*j] = ucRtc[j] / 10;
 160   3                  Seg_Buf[3*j+1] = ucRtc[j] % 10;
 161   3              }
 162   2              Seg_Buf[2] = Seg_Buf[5] = 17;
 163   2          break;
 164   2          case 3:
 165   2              Seg_Buf[0] = 19;
 166   2              Seg_Buf[1] = 15 - 5*(unsigned char)Echo_Flag;
 167   2              if(Echo_Flag == 0) //回显最大频率
 168   2              {
 169   3                  Seg_Buf[2] = 16;
 170   3                  Seg_Buf[3] = Freq_Max / 10000 % 10;
 171   3                  Seg_Buf[4] = Freq_Max / 1000 % 10;
 172   3                  Seg_Buf[5] = Freq_Max / 100 % 10;
 173   3                  Seg_Buf[6] = Freq_Max / 10 % 10;
 174   3                  Seg_Buf[7] = Freq_Max % 10;
 175   3                  while(Seg_Buf[i] == 0) //高位无值则熄灭
 176   3                  {
 177   4                      Seg_Buf[i] = 10;
 178   4                      if(++i == 7)break;
C51 COMPILER V9.60.0.0   MAIN                                                              03/29/2026 17:15:14 PAGE 4   

 179   4                  }
 180   3              }
 181   2              else
 182   2              {
 183   3                  for(j = 0;j < 3;j ++)
 184   3                  {
 185   4                      Seg_Buf[2+2*j] = Max_Time[j] / 10;
 186   4                      Seg_Buf[2+2*j+1] = Max_Time[j] % 10;
 187   4                  }
 188   3              }
 189   2          break;
 190   2         }
 191   1      }
 192          
 193          void Led_Proc(){
 194   1          /* 在这里写 LED / 蜂鸣器 / 继电器逻辑 */
 195   1      
 196   1          //DA输出
 197   1          if(Freq < 0)OutPut = 0;
 198   1          else if(Freq >= 0 && Freq <= 500)OutPut = 1;
 199   1          else if(Freq >= Set_Arr[0])OutPut = 5;
 200   1          else (Freq < Set_Arr[0] && Freq > 500)OutPut = 1 + ((float)(5.0 - 1.0)/(Set_Arr[0] - 500)) * (Freq - 5
             -00);
*** ERROR C141 IN LINE 200 OF main.c: syntax error near 'OutPut', expected ';'
 201   1      
 202   1          Da_Write(OutPut * 51.0); //DA输出0-5V对应0-255的值，乘以51是因为255/5=51
 203   1      
 204   1          ucLed[0] = Led_Flag & (!Seg_Disp_Mode);
 205   1          ucLed[1] = (Led_Flag & (OutPut == 5)) || (Freq < 0);
 206   1      }
 207          
 208          
 209          
 210          void Timer1Init(void)   //1毫秒@12.000MHz
 211          {
 212   1          AUXR &= 0xBF;
 213   1          TMOD &= 0x0F;
 214   1          TL1 = 0x18;
 215   1          TH1 = 0xFC;
 216   1          TF1 = 0;
 217   1          TR1 = 1;
 218   1          ET1 = 1;
 219   1          EA = 1;
 220   1      }
 221          
 222          void Timer0_Init(void)    //1毫秒@12.000MHz
 223          {
 224   1        AUXR &= 0x7F;     //定时器时钟12T模式
 225   1        TMOD &= 0xF0;     //设置定时器模式
 226   1        TMOD |= 0x05;     //设置定时器模式
 227   1        TL0 = 0x18;       //设置定时初始值
 228   1        TH0 = 0xFC;       //设置定时初始值
 229   1        TF0 = 0;        //清除TF0标志
 230   1        TR0 = 1;        //定时器0开始计时
 231   1      }
 232          
 233          void Timer1Isr() interrupt 3
 234          {
 235   1          KeySlow++;
 236   1          SegSlow++;
 237   1      
 238   1          if(++Seg_Pos==8) Seg_Pos=0;
C51 COMPILER V9.60.0.0   MAIN                                                              03/29/2026 17:15:14 PAGE 5   

 239   1      
 240   1          if(Seg_Buf[Seg_Pos]>25) Seg_Disp(Seg_Pos,Seg_Buf[Seg_Pos]-',',1);
 241   1          else Seg_Disp(Seg_Pos,Seg_Buf[Seg_Pos],0);
 242   1      
 243   1          Led_Disp(ucLed);
 244   1      
 245   1          if(++Timer_1000Ms == 1000) 
 246   1          {
 247   2              Timer_1000Ms = 0; // 满 1 秒，清零重新计时
 248   2              // 把这 1 秒内定时器 0 数到的总脉冲数，存给 Freq
 249   2              Freq = (TH0 << 8) | TL0; 
 250   2              // 计步器清零，开始数下一秒
 251   2              Freq += Set_Arr[1];
 252   2              TH0 = 0;
 253   2              TL0 = 0;
 254   2          }
 255   1      
 256   1          if(++Timer_200Ms == 200)
 257   1          {
 258   2              Timer_200Ms = 0;
 259   2              Led_Flag ^= 1;
 260   2          }
 261   1      }
 262          
 263          void main(){
 264   1          SysInit();
 265   1          Timer1Init();
 266   1          Timer0_Init();
 267   1          Set_Rtc(ucRtc);
 268   1          while(1){
 269   2              Key_Proc();
 270   2              Seg_Proc();
 271   2              Led_Proc();
 272   2          }
 273   1      }

C51 COMPILATION COMPLETE.  0 WARNING(S),  1 ERROR(S)
